-3.25508728E-01 2.56154146E-02 2.30358247E-01
-3.25465543E-01 -6.48875790E-01 2.80794271E-01
-3.25328860E-01 -1.32336699E+00 5.79740166E-02
3.48982544E-01 2.56154146E-02 1.41718496E-01
3.49068913E-01 -6.48875790E-01 2.32616836E-01
3.49342281E-01 -1.32336699E+00 5.76646927E-02
