# source_model_tree_path=('sm1', 'sg1', 'cog1', 'char', 'plane'),gsim_tree_path=('Sad1997',),investigation_time=1.0
lon,lat,PGA-0.01,PGA-0.1,PGA-0.3,PGA-1.0
-64.91005,0.00000,4.877058E-02,2.879118E-02,7.630689E-03,6.581244E-05
