taxonomy,business_interruption,contents,nonstructural,occupants,structural,business_interruption_ins,contents_ins,nonstructural_ins,occupants_ins,structural_ins
"tax1",8.48713E+04,5.26754E+05,7.59653E+05,NAN,3.93912E+05,8.48713E+04,5.26754E+05,7.59653E+05,NAN,3.93912E+05
"tax2",5.59721E+04,5.87773E+05,1.07462E+06,NAN,1.42571E+05,5.59721E+04,5.87773E+05,1.07462E+06,NAN,1.42571E+05
"tax3",4.47461E+04,4.07821E+05,9.23281E+05,NAN,1.97341E+05,4.47461E+04,4.07821E+05,9.23281E+05,NAN,1.97341E+05
