# source_model_tree_path=('b2',),gsim_tree_path=('b1',),investigation_time=1000.0
lon,lat,PGA-0.1,PGA-0.4,PGA-0.6
0.00000,0.00000,1.000000E+00,1.000000E+00,0.000000E+00
