-3.25508728E-01 2.56154146E-02 2.34387073E-01
-3.25465543E-01 -6.48875790E-01 3.00345985E-01
-3.25328860E-01 -1.32336699E+00 8.11828171E-02
3.48982544E-01 2.56154146E-02 1.67032308E-01
3.49068913E-01 -6.48875790E-01 2.42752275E-01
3.49342281E-01 -1.32336699E+00 8.00721520E-02
