# source_model_tree_path=('b1',),gsim_tree_path=('b1', 'b2'),investigation_time=1.0
lon,lat,PGA-0.1,PGA-0.4,PGA-0.6
0.00000,0.00000,7.516647E-01,7.803485E-02,6.866164E-03
