-3.25508728E-01 2.56154146E-02 3.98395384E-01
-3.25465543E-01 -6.48875790E-01 5.58029131E-01
-3.25328860E-01 -1.32336699E+00 1.30483871E-01
3.48982544E-01 2.56154146E-02 2.68479322E-01
3.49068913E-01 -6.48875790E-01 4.19868339E-01
3.49342281E-01 -1.32336699E+00 1.30266300E-01
