<?xml version="1.0" encoding="utf-8"?>
<nrml
xmlns="http://openquake.org/xmlns/nrml/0.5"
xmlns:gml="http://www.opengis.net/gml"
>
    <dmgDistPerTaxonomy>
        <damageStates>
            no_damage Slight Moderate Extensive Collapse
        </damageStates>
        <DDNode>
            <taxonomy>
                MUR/LWAL/HEX:1
            </taxonomy>
            <damage ds="no_damage" mean="2.12900E+03" stddev="0.00000E+00"/>
            <damage ds="Slight" mean="-1.52362E-11" stddev="3.21323E-11"/>
            <damage ds="Moderate" mean="1.04535E-12" stddev="2.23328E-12"/>
            <damage ds="Extensive" mean="-4.35096E-09" stddev="9.05550E-09"/>
            <damage ds="Collapse" mean="4.36515E-09" stddev="9.08539E-09"/>
        </DDNode>
        <DDNode>
            <taxonomy>
                MUR/LWAL/HEX:2
            </taxonomy>
            <damage ds="no_damage" mean="4.60000E+02" stddev="0.00000E+00"/>
            <damage ds="Slight" mean="-9.25547E-20" stddev="1.97548E-19"/>
            <damage ds="Moderate" mean="9.14052E-20" stddev="1.95094E-19"/>
            <damage ds="Extensive" mean="-7.21719E-20" stddev="1.53545E-19"/>
            <damage ds="Collapse" mean="7.33214E-20" stddev="1.55999E-19"/>
        </DDNode>
        <DDNode>
            <taxonomy>
                MUR/LWAL/HEX:3
            </taxonomy>
            <damage ds="no_damage" mean="7.70000E+01" stddev="0.00000E+00"/>
            <damage ds="Slight" mean="-2.86086E-21" stddev="6.12949E-21"/>
            <damage ds="Moderate" mean="-6.46747E-20" stddev="1.38104E-19"/>
            <damage ds="Extensive" mean="6.81638E-20" stddev="1.45585E-19"/>
            <damage ds="Collapse" mean="7.44031E-33" stddev="1.61591E-32"/>
        </DDNode>
        <DDNode>
            <taxonomy>
                MUR/LWAL/HEX:4
            </taxonomy>
            <damage ds="no_damage" mean="1.50000E+01" stddev="0.00000E+00"/>
            <damage ds="Slight" mean="1.04788E-21" stddev="2.82070E-21"/>
            <damage ds="Moderate" mean="-1.65734E-23" stddev="4.39877E-23"/>
            <damage ds="Extensive" mean="1.65734E-23" stddev="4.39877E-23"/>
            <damage ds="Collapse" mean="2.80260E-44" stddev="8.26766E-44"/>
        </DDNode>
        <DDNode>
            <taxonomy>
                MUR/LWAL/HEX:5
            </taxonomy>
            <damage ds="no_damage" mean="1.00000E+00" stddev="0.00000E+00"/>
            <damage ds="Slight" mean="-2.00140E-22" stddev="5.34181E-22"/>
            <damage ds="Moderate" mean="1.95239E-22" stddev="5.21065E-22"/>
            <damage ds="Extensive" mean="4.90034E-24" stddev="1.31165E-23"/>
            <damage ds="Collapse" mean="3.50617E-40" stddev="1.04146E-39"/>
        </DDNode>
    </dmgDistPerTaxonomy>
</nrml>
