# source_model_tree_path=('b1', 'mfd3', 'high', 'dip', 'dip45'),gsim_tree_path=('Sad1997',),investigation_time=1.0
lon,lat,PGA-0.01,PGA-0.1,PGA-0.3,PGA-1.0
-64.91005,0.00000,2.659999E-02,1.170231E-02,4.255494E-03,5.800774E-05
