# source_model_tree_path=('b1', 'b3'),gsim_tree_path=('b1',),investigation_time=1.0
lon,lat,PGA-0.1,PGA-0.4,PGA-0.6,PGA-1.0
0.00000,0.00000,9.940266E-03,7.535517E-04,9.690079E-05,0.000000E+00
