# source_model_tree_path=('b1',),gsim_tree_path=('b1', 'b2', 'b3', 'b4'),investigation_time=50.0
lon,lat,PGA-0.01,PGA-0.02,PGA-0.04,PGA-0.06,PGA-0.08,PGA-0.1,PGA-0.2,PGA-0.3,PGA-0.4,PGA-0.5,PGA-0.6,PGA-0.7,PGA-0.8,PGA-0.9,PGA-1.0,PGA-1.2,PGA-1.4,PGA-1.6,PGA-1.8,PGA-2.0,PGA-2.2,PGA-2.4,PGA-2.6,PGA-2.8,PGA-3.0,PGA-3.5,PGA-4.0,PGA-4.5,PGA-5.0
174.32400,-35.72500,1.881911E-04,7.877727E-06,9.903581E-09,0.000000E+00,0.000000E+00,0.000000E+00,0.000000E+00,0.000000E+00,0.000000E+00,0.000000E+00,0.000000E+00,0.000000E+00,0.000000E+00,0.000000E+00,0.000000E+00,0.000000E+00,0.000000E+00,0.000000E+00,0.000000E+00,0.000000E+00,0.000000E+00,0.000000E+00,0.000000E+00,0.000000E+00,0.000000E+00,0.000000E+00,0.000000E+00,0.000000E+00,0.000000E+00
