-3.25508728E-01 2.56154146E-02 4.30550707E-01
-3.25465543E-01 -6.48875790E-01 5.57352541E-01
-3.25328860E-01 -1.32336699E+00 1.23112655E-01
3.48982544E-01 2.56154146E-02 3.00461800E-01
3.49068913E-01 -6.48875790E-01 4.55743299E-01
3.49342281E-01 -1.32336699E+00 1.23284332E-01
