rlzi,sid,eid,imti,gmv
0,0,4294967298,0,4.007438E-01
