-3.25508728E-01 2.56154146E-02 6.81669209E-01
-3.25465543E-01 -6.48875790E-01 8.58309327E-01
-3.25328860E-01 -1.32336699E+00 1.24635723E-01
3.48982544E-01 2.56154146E-02 3.98060923E-01
3.49068913E-01 -6.48875790E-01 6.90826761E-01
3.49342281E-01 -1.32336699E+00 1.30358414E-01
