taxonomy,business_interruption,contents,nonstructural,occupants,structural,business_interruption_ins,contents_ins,nonstructural_ins,occupants_ins,structural_ins
"tax1",1.00190E+05,6.06192E+05,8.92388E+05,NAN,4.72616E+05,1.00190E+05,6.06192E+05,8.92388E+05,NAN,4.72616E+05
"tax2",7.13489E+04,7.06980E+05,1.39086E+06,NAN,1.84951E+05,7.13489E+04,7.06980E+05,1.39086E+06,NAN,1.84951E+05
"tax3",6.06299E+04,4.42997E+05,1.11432E+06,NAN,2.68807E+05,6.06299E+04,4.42997E+05,1.11432E+06,NAN,2.68807E+05
