-3.25508728E-01 2.56154146E-02 4.24270771E-01
-3.25465543E-01 -6.48875790E-01 5.13641360E-01
-3.25328860E-01 -1.32336699E+00 8.05754528E-02
3.48982544E-01 2.56154146E-02 2.50033625E-01
3.49068913E-01 -6.48875790E-01 4.32942315E-01
3.49342281E-01 -1.32336699E+00 8.17670882E-02
