-3.25508728E-01 2.56154146E-02 3.92825310E-01
-3.25465543E-01 -6.48875790E-01 4.92492688E-01
-3.25328860E-01 -1.32336699E+00 9.00878734E-02
3.48982544E-01 2.56154146E-02 2.25779260E-01
3.49068913E-01 -6.48875790E-01 3.87765373E-01
3.49342281E-01 -1.32336699E+00 9.11013755E-02
