-3.25508728E-01 2.56154146E-02 6.14237213E-01
-3.25465543E-01 -6.48875790E-01 8.79928687E-01
-3.25328860E-01 -1.32336699E+00 1.42519346E-01
3.48982544E-01 2.56154146E-02 3.95399243E-01
3.49068913E-01 -6.48875790E-01 6.91694948E-01
3.49342281E-01 -1.32336699E+00 1.49411090E-01
