-3.25508728E-01 2.56154146E-02 5.97033132E-01
-3.25465543E-01 -6.48875790E-01 7.84779598E-01
-3.25328860E-01 -1.32336699E+00 9.61587056E-02
3.48982544E-01 2.56154146E-02 3.41913799E-01
3.49068913E-01 -6.48875790E-01 6.32893376E-01
3.49342281E-01 -1.32336699E+00 1.03045754E-01
