# source_model_tree_path=('b1', 'mfd2', 'high', 'dip', 'dip30'),gsim_tree_path=('Sad1997',),investigation_time=1.0
lon,lat,PGA-0.01,PGA-0.1,PGA-0.3,PGA-1.0
-64.91005,0.00000,8.558058E-02,7.260676E-02,5.036968E-02,1.047934E-03
