# source_model_tree_path=('b1',),gsim_tree_path=('b1',),investigation_time=1.0
lon,lat,PGA-0.1,PGA-0.12,PGA-0.2
0.00000,0.00000,6.321206E-01,4.848442E-01,4.549893E-02
