<?xml version="1.0" encoding="utf-8"?>
<nrml
xmlns="http://openquake.org/xmlns/nrml/0.5"
xmlns:gml="http://www.opengis.net/gml"
>
    <totalDmgDist>
        <damageStates>
            no_damage slight moderate extreme complete
        </damageStates>
        <damage ds="no_damage" mean="4.79999E-01" stddev="3.86224E-01"/>
        <damage ds="slight" mean="3.53799E-01" stddev="2.53865E-01"/>
        <damage ds="moderate" mean="6.55346E-02" stddev="8.33401E-02"/>
        <damage ds="extreme" mean="1.84490E-02" stddev="2.71265E-02"/>
        <damage ds="complete" mean="8.22188E-02" stddev="1.10276E-01"/>
    </totalDmgDist>
</nrml>
