# source_model_tree_path=('ltbrTrueMean',),gsim_tree_path=('AS08',),investigation_time=1.0
lon,lat,PGA-0.01,PGA-0.04,PGA-0.1,PGA-0.4,PGA-0.6,SA(0.1)-0.01,SA(0.1)-0.04,SA(0.1)-0.1,SA(0.1)-0.4,SA(0.1)-0.6
-122.25444,37.84060,4.748391E-04,2.362307E-05,8.123392E-06,4.623673E-06,2.450680E-06,8.380234E-04,8.911806E-05,1.253190E-05,6.880913E-06,5.480222E-06
-122.24958,37.84817,4.667271E-04,2.301173E-05,8.107587E-06,4.873750E-06,2.694276E-06,8.268117E-04,8.630169E-05,1.229209E-05,6.988101E-06,5.707599E-06
-122.23190,37.86759,4.477689E-04,2.163178E-05,8.070329E-06,5.649617E-06,3.566649E-06,8.004147E-04,7.986064E-05,1.176097E-05,7.247989E-06,6.346535E-06
