# source_model_tree_path=('b1',),gsim_tree_path=('b1',),investigation_time=1.0
lon,lat,PGA-0.1,PGA-0.4,PGA-0.6
0.00000,0.00000,5.470620E-01,2.117264E-02,1.999800E-04
